// Jest Snapshot v1, https://goo.gl/fbAQLP

exports[`<CounterApp /> tests Should render <CounterApp /> as expected 1`] = `
<Fragment>
  <h1>
    Counter App
  </h1>
  <h4>
    10
  </h4>
  <button
    className="addBtn"
    onClick={[Function]}
  >
     +1 
  </button>
  <button
    className="resetBtn"
    onClick={[Function]}
  >
     Reset 
  </button>
  <button
    className="substractBtn"
    onClick={[Function]}
  >
     -1 
  </button>
</Fragment>
`;
